# DesignMap listing children nodes testing file.
# Tests that a list of destination nodes from a given node can be computed
# when there is no destination node

# Create a graph
created graph map1

# Add one node to map1
added node n1 to map1

# Finds the children of node n1
the children of n1 in map1 are: