# DesignMap graph Creation testing file.
# Tests that a graph can be created

# Create a graph
created graph map1
