# DesignMap list of nodes testing file.
# Tests that a list of all nodes in map can be computed

# Create a graph
created graph map1

# Add nodes
added node n3 to map1
added node n2 to map1
added node n1 to map1

# Finds the nodes of map1
map1 contains: n1 n2 n3
