# Find a path with Dijkstra's algorithm when
# no paths are available.

created graph simpleGraph

added node S to simpleGraph
added node T to simpleGraph
added node X to simpleGraph
added node Y to simpleGraph
added node Z to simpleGraph

added edge 7.000 from S to Y in simpleGraph
added edge 8.000 from T to Y in simpleGraph
added edge 9.000 from Y to Z in simpleGraph
added edge 3.000 from Y to X in simpleGraph
added edge 4.000 from T to Z in simpleGraph
added edge 5.000 from T to X in simpleGraph
added edge 7.000 from Z to X in simpleGraph

path from S to T:
no path found